Example one: computing single interaction scores individually & reporting supported compounds.
biosynthetic support:
plugins/NetCooperate/example//net1.tab being supported by plugins/NetCooperate/example//net1.tab:	1	A,F,H,G
plugins/NetCooperate/example//net1.tab being supported by plugins/NetCooperate/example//net2.tab:	1	A,F
plugins/NetCooperate/example//net2.tab being supported by plugins/NetCooperate/example//net1.tab:	0.333333	F
plugins/NetCooperate/example//net2.tab being supported by plugins/NetCooperate/example//net2.tab:	1	F,I,J,K

metabolic complementarity:
plugins/NetCooperate/example//net1.tab being complemented by plugins/NetCooperate/example//net1.tab:	0	
plugins/NetCooperate/example//net1.tab being complemented by plugins/NetCooperate/example//net2.tab:	0.5	A
plugins/NetCooperate/example//net2.tab being complemented by plugins/NetCooperate/example//net1.tab:	0	
plugins/NetCooperate/example//net2.tab being complemented by plugins/NetCooperate/example//net2.tab:	0	

---------------------------------------------------
Example two: computing all interaction scores in one call but not reporting supported compounds.
biosynthetic support:
plugins/NetCooperate/example//net1.tab being supported by plugins/NetCooperate/example//net1.tab:	1
plugins/NetCooperate/example//net1.tab being supported by plugins/NetCooperate/example//net2.tab:	0.333333

metabolic complementarity:
plugins/NetCooperate/example//net2.tab being complemented by plugins/NetCooperate/example//net1.tab:	0.5
plugins/NetCooperate/example//net2.tab being complemented by plugins/NetCooperate/example//net2.tab:	0
